---
source: src/keybind.rs
expression: "got_configs.join(\"\")"
---

        keybinds {
            "normal" {
                bind "Alt y" {
                    MessagePluginId 42 {
                        name "list_panes"
                    }
                }
            }
        }
        
        keybinds {
            "normal" {
                bind "Alt o" {
                    MessagePluginId 42 {
                        name "navigate_back"
                    }
                }
            }
        }
        
        keybinds {
            "normal" {
                bind "Alt i" {
                    MessagePluginId 42 {
                        name "next_star"
                    }
                }
            }
        }
        
        keybinds {
            "normal" {
                bind "Alt u" {
                    MessagePluginId 42 {
                        name "previous_star"
                    }
                }
            }
        }
